2025-09-08 00:24:35,499 [Worker-0: Loading available Gradle versions] INFO  o.e.b.c.i.u.g.PublishedGradleVersions - Gradle version information cache is not available. Remote download required.
2025-09-08 00:40:05,715 [Worker-10: Creating project "webfashionshop"] INFO  o.e.m.c.i.l.LifecycleMappingFactory - Using org.maven.ide.eclipse.wtp.WarLifecycleMapping lifecycle mapping for MavenProject: hcmute:webfashionshop:0.0.1-SNAPSHOT @ E:\Workspace\webfashionshop\pom.xml.
2025-09-08 00:40:09,412 [Worker-10: Creating project "webfashionshop"] INFO  o.e.m.j.i.AbstractJavaProjectConfigurator - Adding source folder /webfashionshop/src/main/java
2025-09-08 00:40:09,416 [Worker-10: Creating project "webfashionshop"] INFO  o.e.m.j.i.AbstractJavaProjectConfigurator - Adding resource folder /webfashionshop/src/main/resources
2025-09-08 00:40:09,417 [Worker-10: Creating project "webfashionshop"] INFO  o.e.m.j.i.AbstractJavaProjectConfigurator - Adding source folder /webfashionshop/src/test/java
2025-09-08 00:40:09,417 [Worker-10: Creating project "webfashionshop"] INFO  o.e.m.j.i.AbstractJavaProjectConfigurator - Adding resource folder /webfashionshop/src/test/resources
2025-09-08 00:40:11,472 [Worker-14: Building] WARN  o.a.m.s.f.DefaultMavenResourcesFiltering - Using platform encoding (UTF-8 actually) to copy filtered resources, i.e. build is platform dependent!
2025-09-08 00:40:11,481 [Worker-14: Building] INFO  o.a.m.s.f.DefaultMavenResourcesFiltering - Copying 0 resource from src\main\resources to target\classes
2025-09-08 00:40:11,486 [Worker-14: Building] WARN  o.a.m.s.f.DefaultMavenResourcesFiltering - Using platform encoding (UTF-8 actually) to copy filtered resources, i.e. build is platform dependent!
2025-09-08 00:40:11,488 [Worker-14: Building] INFO  o.a.m.s.f.DefaultMavenResourcesFiltering - Copying 0 resource from src\test\resources to target\test-classes
2025-09-08 00:40:12,412 [Worker-10: Building] WARN  o.a.m.s.f.DefaultMavenResourcesFiltering - Using platform encoding (UTF-8 actually) to copy filtered resources, i.e. build is platform dependent!
2025-09-08 00:40:12,416 [Worker-10: Building] INFO  o.a.m.s.f.DefaultMavenResourcesFiltering - Copying 0 resource from src\main\resources to target\classes
2025-09-08 00:40:12,419 [Worker-10: Building] WARN  o.a.m.s.f.DefaultMavenResourcesFiltering - Using platform encoding (UTF-8 actually) to copy filtered resources, i.e. build is platform dependent!
2025-09-08 00:40:12,420 [Worker-10: Building] INFO  o.a.m.s.f.DefaultMavenResourcesFiltering - Copying 0 resource from src\test\resources to target\test-classes
2025-09-08 00:41:15,819 [Worker-19: Building] WARN  o.a.m.s.f.DefaultMavenResourcesFiltering - Using platform encoding (UTF-8 actually) to copy filtered resources, i.e. build is platform dependent!
2025-09-08 00:41:15,821 [Worker-19: Building] INFO  o.a.m.s.f.DefaultMavenResourcesFiltering - Copying 0 resource from src\main\resources to target\classes
2025-09-08 00:41:15,825 [Worker-19: Building] WARN  o.a.m.s.f.DefaultMavenResourcesFiltering - Using platform encoding (UTF-8 actually) to copy filtered resources, i.e. build is platform dependent!
2025-09-08 00:41:15,826 [Worker-19: Building] INFO  o.a.m.s.f.DefaultMavenResourcesFiltering - Copying 0 resource from src\test\resources to target\test-classes
2025-09-08 00:41:33,175 [Worker-14: Building] WARN  o.a.m.s.f.DefaultMavenResourcesFiltering - Using platform encoding (UTF-8 actually) to copy filtered resources, i.e. build is platform dependent!
2025-09-08 00:41:33,176 [Worker-14: Building] INFO  o.a.m.s.f.DefaultMavenResourcesFiltering - Copying 0 resource from src\main\resources to target\classes
2025-09-08 00:41:33,179 [Worker-14: Building] WARN  o.a.m.s.f.DefaultMavenResourcesFiltering - Using platform encoding (UTF-8 actually) to copy filtered resources, i.e. build is platform dependent!
2025-09-08 00:41:33,180 [Worker-14: Building] INFO  o.a.m.s.f.DefaultMavenResourcesFiltering - Copying 0 resource from src\test\resources to target\test-classes
2025-09-08 00:42:05,946 [Worker-19: Building] WARN  o.a.m.s.f.DefaultMavenResourcesFiltering - Using platform encoding (UTF-8 actually) to copy filtered resources, i.e. build is platform dependent!
2025-09-08 00:42:05,947 [Worker-19: Building] INFO  o.a.m.s.f.DefaultMavenResourcesFiltering - Copying 0 resource from src\main\resources to target\classes
2025-09-08 00:42:05,953 [Worker-19: Building] WARN  o.a.m.s.f.DefaultMavenResourcesFiltering - Using platform encoding (UTF-8 actually) to copy filtered resources, i.e. build is platform dependent!
2025-09-08 00:42:05,954 [Worker-19: Building] INFO  o.a.m.s.f.DefaultMavenResourcesFiltering - Copying 0 resource from src\test\resources to target\test-classes
2025-09-08 00:42:05,957 [Worker-19: Building] INFO  o.e.m.w.i.f.ResourceFilteringBuildParticipant - Changed resources require a complete clean of filtered resources of webfashionshop
2025-09-08 00:42:05,958 [Worker-19: Building] INFO  o.e.m.w.i.f.ResourceFilteringBuildParticipant - Executing resource filtering for webfashionshop
2025-09-08 00:42:22,737 [Worker-13: Building Project webfashionshop] WARN  o.a.m.s.f.DefaultMavenResourcesFiltering - Using platform encoding (UTF-8 actually) to copy filtered resources, i.e. build is platform dependent!
2025-09-08 00:42:22,739 [Worker-13: Building Project webfashionshop] INFO  o.a.m.s.f.DefaultMavenResourcesFiltering - Copying 0 resource from src\main\resources to target\classes
2025-09-08 00:42:22,742 [Worker-13: Building Project webfashionshop] WARN  o.a.m.s.f.DefaultMavenResourcesFiltering - Using platform encoding (UTF-8 actually) to copy filtered resources, i.e. build is platform dependent!
2025-09-08 00:42:22,744 [Worker-13: Building Project webfashionshop] INFO  o.a.m.s.f.DefaultMavenResourcesFiltering - Copying 0 resource from src\test\resources to target\test-classes
2025-09-08 00:48:52,605 [Worker-20: Updating Maven Dependencies] INFO  o.e.m.c.i.l.LifecycleMappingFactory - Using org.maven.ide.eclipse.wtp.WarLifecycleMapping lifecycle mapping for MavenProject: hcmute:webfashionshop:0.0.1-SNAPSHOT @ E:\Workspace\webfashionshop\pom.xml.
2025-09-08 01:35:51,211 [Worker-22: Building] WARN  o.a.m.s.f.DefaultMavenResourcesFiltering - Using platform encoding (UTF-8 actually) to copy filtered resources, i.e. build is platform dependent!
2025-09-08 01:35:51,214 [Worker-22: Building] INFO  o.a.m.s.f.DefaultMavenResourcesFiltering - Copying 0 resource from src\main\resources to target\classes
2025-09-08 01:35:51,219 [Worker-22: Building] WARN  o.a.m.s.f.DefaultMavenResourcesFiltering - Using platform encoding (UTF-8 actually) to copy filtered resources, i.e. build is platform dependent!
2025-09-08 01:35:51,220 [Worker-22: Building] INFO  o.a.m.s.f.DefaultMavenResourcesFiltering - Copying 0 resource from src\test\resources to target\test-classes
2025-09-08 01:41:30,536 [Worker-29: Building] WARN  o.a.m.s.f.DefaultMavenResourcesFiltering - Using platform encoding (UTF-8 actually) to copy filtered resources, i.e. build is platform dependent!
2025-09-08 01:41:30,539 [Worker-29: Building] INFO  o.a.m.s.f.DefaultMavenResourcesFiltering - Copying 0 resource from src\main\resources to target\classes
2025-09-08 01:41:30,542 [Worker-29: Building] WARN  o.a.m.s.f.DefaultMavenResourcesFiltering - Using platform encoding (UTF-8 actually) to copy filtered resources, i.e. build is platform dependent!
2025-09-08 01:41:30,544 [Worker-29: Building] INFO  o.a.m.s.f.DefaultMavenResourcesFiltering - Copying 0 resource from src\test\resources to target\test-classes
2025-09-08 01:42:49,700 [Worker-27: Building] WARN  o.a.m.s.f.DefaultMavenResourcesFiltering - Using platform encoding (UTF-8 actually) to copy filtered resources, i.e. build is platform dependent!
2025-09-08 01:42:49,703 [Worker-27: Building] INFO  o.a.m.s.f.DefaultMavenResourcesFiltering - Copying 0 resource from src\main\resources to target\classes
2025-09-08 01:42:49,706 [Worker-27: Building] WARN  o.a.m.s.f.DefaultMavenResourcesFiltering - Using platform encoding (UTF-8 actually) to copy filtered resources, i.e. build is platform dependent!
2025-09-08 01:42:49,707 [Worker-27: Building] INFO  o.a.m.s.f.DefaultMavenResourcesFiltering - Copying 0 resource from src\test\resources to target\test-classes
2025-09-08 01:44:07,552 [Worker-28: Building] INFO  o.e.m.c.i.e.AbstractTransferListenerAdapter - Downloading https://repo.maven.apache.org/maven2/jakarta/servlet/jsp/jakarta.servlet.jsp-api/3.1.1/jakarta.servlet.jsp-api-3.1.1.pom
2025-09-08 01:44:07,605 [Worker-28: Building] INFO  o.e.m.c.i.e.AbstractTransferListenerAdapter - Downloaded https://repo.maven.apache.org/maven2/jakarta/servlet/jsp/jakarta.servlet.jsp-api/3.1.1/jakarta.servlet.jsp-api-3.1.1.pom
2025-09-08 01:44:07,852 [Worker-28: Building] INFO  o.e.m.c.i.e.AbstractTransferListenerAdapter - Downloading https://repo.maven.apache.org/maven2/jakarta/servlet/jsp/jakarta.servlet.jsp-api/3.1.1/jakarta.servlet.jsp-api-3.1.1.jar
2025-09-08 01:44:07,945 [Worker-28: Building] INFO  o.e.m.c.i.e.AbstractTransferListenerAdapter - Downloaded https://repo.maven.apache.org/maven2/jakarta/servlet/jsp/jakarta.servlet.jsp-api/3.1.1/jakarta.servlet.jsp-api-3.1.1.jar
2025-09-08 01:44:08,174 [Worker-28: Building] INFO  o.e.m.c.i.l.LifecycleMappingFactory - Using org.maven.ide.eclipse.wtp.WarLifecycleMapping lifecycle mapping for MavenProject: hcmute.vn:webfashionshop:1.0-SNAPSHOT @ E:\Workspace\webfashionshop\pom.xml.
2025-09-08 01:44:09,165 [Worker-28: Building] INFO  o.a.m.s.f.DefaultMavenResourcesFiltering - Copying 0 resource from src\main\resources to target\classes
2025-09-08 01:44:09,170 [Worker-28: Building] INFO  o.a.m.s.f.DefaultMavenResourcesFiltering - Copying 0 resource from src\test\resources to target\test-classes
2025-09-08 01:44:09,170 [Worker-28: Building] INFO  o.e.m.w.i.f.ResourceFilteringBuildParticipant - Changed resources require a complete clean of filtered resources of webfashionshop
2025-09-08 01:44:09,170 [Worker-28: Building] INFO  o.e.m.w.i.f.ResourceFilteringBuildParticipant - Executing resource filtering for webfashionshop
2025-09-08 01:44:10,208 [Worker-28: Download sources and javadoc] INFO  o.e.m.c.i.e.AbstractTransferListenerAdapter - Downloading https://repo.maven.apache.org/maven2/jakarta/servlet/jsp/jakarta.servlet.jsp-api/3.1.1/jakarta.servlet.jsp-api-3.1.1-sources.jar
2025-09-08 01:44:10,313 [Worker-28: Download sources and javadoc] INFO  o.e.m.c.i.e.AbstractTransferListenerAdapter - Downloaded https://repo.maven.apache.org/maven2/jakarta/servlet/jsp/jakarta.servlet.jsp-api/3.1.1/jakarta.servlet.jsp-api-3.1.1-sources.jar
2025-09-08 01:44:10,317 [Worker-28: Download sources and javadoc] INFO  o.e.m.j.internal.DownloadSourcesJob - Downloaded sources for jakarta.servlet.jsp:jakarta.servlet.jsp-api:3.1.1
2025-09-08 01:44:46,689 [Worker-32: Building] INFO  o.a.m.s.f.DefaultMavenResourcesFiltering - Copying 0 resource from src\main\resources to target\classes
2025-09-08 01:44:46,693 [Worker-32: Building] INFO  o.a.m.s.f.DefaultMavenResourcesFiltering - Copying 0 resource from src\test\resources to target\test-classes
2025-09-08 01:46:48,980 [Worker-28: Building] INFO  o.a.m.s.f.DefaultMavenResourcesFiltering - Copying 0 resource from src\main\resources to target\classes
2025-09-08 01:46:48,984 [Worker-28: Building] INFO  o.a.m.s.f.DefaultMavenResourcesFiltering - Copying 0 resource from src\test\resources to target\test-classes
2025-09-08 01:47:50,527 [Worker-27: Building] INFO  o.a.m.s.f.DefaultMavenResourcesFiltering - Copying 0 resource from src\main\resources to target\classes
2025-09-08 01:47:50,530 [Worker-27: Building] INFO  o.a.m.s.f.DefaultMavenResourcesFiltering - Copying 0 resource from src\test\resources to target\test-classes
2025-09-08 01:48:25,253 [Worker-28: Building] INFO  o.a.m.s.f.DefaultMavenResourcesFiltering - Copying 0 resource from src\main\resources to target\classes
2025-09-08 01:48:25,255 [Worker-28: Building] INFO  o.a.m.s.f.DefaultMavenResourcesFiltering - Copying 0 resource from src\test\resources to target\test-classes
2025-09-08 01:48:53,448 [Worker-33: Building] INFO  o.a.m.s.f.DefaultMavenResourcesFiltering - Copying 0 resource from src\main\resources to target\classes
2025-09-08 01:48:53,450 [Worker-33: Building] INFO  o.a.m.s.f.DefaultMavenResourcesFiltering - Copying 0 resource from src\test\resources to target\test-classes
2025-09-08 01:51:47,699 [Worker-31: Building] INFO  o.a.m.s.f.DefaultMavenResourcesFiltering - Copying 0 resource from src\main\resources to target\classes
2025-09-08 01:51:47,702 [Worker-31: Building] INFO  o.a.m.s.f.DefaultMavenResourcesFiltering - Copying 0 resource from src\test\resources to target\test-classes
2025-09-08 01:52:00,053 [Worker-31: Building] INFO  o.a.m.s.f.DefaultMavenResourcesFiltering - Copying 0 resource from src\main\resources to target\classes
2025-09-08 01:52:00,056 [Worker-31: Building] INFO  o.a.m.s.f.DefaultMavenResourcesFiltering - Copying 0 resource from src\test\resources to target\test-classes
2025-09-08 01:53:03,589 [Worker-29: Building] INFO  o.a.m.s.f.DefaultMavenResourcesFiltering - Copying 0 resource from src\main\resources to target\classes
2025-09-08 01:53:03,592 [Worker-29: Building] INFO  o.a.m.s.f.DefaultMavenResourcesFiltering - Copying 0 resource from src\test\resources to target\test-classes
2025-09-08 01:54:18,453 [Worker-10: Building] INFO  o.a.m.s.f.DefaultMavenResourcesFiltering - Copying 0 resource from src\main\resources to target\classes
2025-09-08 01:54:18,455 [Worker-10: Building] INFO  o.a.m.s.f.DefaultMavenResourcesFiltering - Copying 0 resource from src\test\resources to target\test-classes
2025-09-08 02:03:13,997 [Worker-29: Building] INFO  o.a.m.s.f.DefaultMavenResourcesFiltering - Copying 0 resource from src\main\resources to target\classes
2025-09-08 02:03:14,000 [Worker-29: Building] INFO  o.a.m.s.f.DefaultMavenResourcesFiltering - Copying 0 resource from src\test\resources to target\test-classes
2025-09-08 02:03:57,876 [Worker-34: Updating Maven Project] INFO  o.e.m.c.i.p.ProjectConfigurationManager - Update started
2025-09-08 02:03:58,138 [Worker-34: Updating Maven Project] INFO  o.e.m.c.i.l.LifecycleMappingFactory - Using org.maven.ide.eclipse.wtp.WarLifecycleMapping lifecycle mapping for MavenProject: hcmute.vn:webfashionshop:1.0-SNAPSHOT @ E:\Workspace\webfashionshop\pom.xml.
2025-09-08 02:03:58,783 [Worker-34: Updating Maven Project] INFO  o.e.m.j.i.AbstractJavaProjectConfigurator - Adding source folder /webfashionshop/src/main/java
2025-09-08 02:03:58,786 [Worker-34: Updating Maven Project] INFO  o.e.m.j.i.AbstractJavaProjectConfigurator - Adding resource folder /webfashionshop/src/main/resources
2025-09-08 02:03:58,812 [Worker-34: Updating Maven Project] INFO  o.e.m.j.i.AbstractJavaProjectConfigurator - Adding source folder /webfashionshop/src/test/java
2025-09-08 02:03:58,812 [Worker-34: Updating Maven Project] INFO  o.e.m.j.i.AbstractJavaProjectConfigurator - Adding resource folder /webfashionshop/src/test/resources
2025-09-08 02:03:58,915 [Worker-34: Updating Maven Project] INFO  o.e.m.c.i.p.ProjectConfigurationManager - Update completed for 1 poms: local refresh takes 0,00 sec, refresh facades takes 0,00 sec, update config takes 0,00 sec 
2025-09-08 02:03:59,210 [Worker-29: Building] INFO  o.a.m.s.f.DefaultMavenResourcesFiltering - Copying 0 resource from src\main\resources to target\classes
2025-09-08 02:03:59,216 [Worker-29: Building] INFO  o.a.m.s.f.DefaultMavenResourcesFiltering - Copying 0 resource from src\test\resources to target\test-classes
2025-09-08 02:04:36,852 [Worker-39: Building] INFO  o.a.m.s.f.DefaultMavenResourcesFiltering - Copying 0 resource from src\main\resources to target\classes
2025-09-08 02:04:36,855 [Worker-39: Building] INFO  o.a.m.s.f.DefaultMavenResourcesFiltering - Copying 0 resource from src\test\resources to target\test-classes
2025-09-08 02:04:46,407 [Worker-31: Updating Maven Project] INFO  o.e.m.c.i.p.ProjectConfigurationManager - Update started
2025-09-08 02:04:46,593 [Worker-31: Updating Maven Project] INFO  o.e.m.c.i.l.LifecycleMappingFactory - Using org.maven.ide.eclipse.wtp.WarLifecycleMapping lifecycle mapping for MavenProject: hcmute.vn:webfashionshop:1.0-SNAPSHOT @ E:\Workspace\webfashionshop\pom.xml.
2025-09-08 02:04:47,093 [Worker-31: Updating Maven Project] INFO  o.e.m.j.i.AbstractJavaProjectConfigurator - Adding source folder /webfashionshop/src/main/java
2025-09-08 02:04:47,095 [Worker-31: Updating Maven Project] INFO  o.e.m.j.i.AbstractJavaProjectConfigurator - Adding resource folder /webfashionshop/src/main/resources
2025-09-08 02:04:47,095 [Worker-31: Updating Maven Project] INFO  o.e.m.j.i.AbstractJavaProjectConfigurator - Adding source folder /webfashionshop/src/test/java
2025-09-08 02:04:47,096 [Worker-31: Updating Maven Project] INFO  o.e.m.j.i.AbstractJavaProjectConfigurator - Adding resource folder /webfashionshop/src/test/resources
2025-09-08 02:04:47,183 [Worker-31: Updating Maven Project] INFO  o.e.m.w.i.f.ResourceFilteringBuildParticipant - Cleaning filtered folder for webfashionshop
2025-09-08 02:04:47,195 [Worker-31: Updating Maven Project] INFO  o.e.m.c.i.p.ProjectConfigurationManager - Update completed for 1 poms: local refresh takes 0,00 sec, refresh facades takes 0,00 sec, update config takes 0,00 sec 
2025-09-08 02:04:47,353 [Worker-38: Building] INFO  o.a.m.s.f.DefaultMavenResourcesFiltering - Copying 0 resource from src\main\resources to target\classes
2025-09-08 02:04:47,358 [Worker-38: Building] INFO  o.a.m.s.f.DefaultMavenResourcesFiltering - Copying 0 resource from src\test\resources to target\test-classes
2025-09-08 02:04:47,359 [Worker-38: Building] INFO  o.e.m.w.i.f.ResourceFilteringBuildParticipant - Changed resources require a complete clean of filtered resources of webfashionshop
2025-09-08 02:04:47,359 [Worker-38: Building] INFO  o.e.m.w.i.f.ResourceFilteringBuildParticipant - Executing resource filtering for webfashionshop
2025-09-08 02:05:06,090 [Worker-29: Cleaning all projects] INFO  o.e.m.w.i.f.ResourceFilteringBuildParticipant - Cleaning filtered folder for webfashionshop
2025-09-08 02:05:06,271 [Worker-31: Building] INFO  o.a.m.s.f.DefaultMavenResourcesFiltering - Copying 0 resource from src\main\resources to target\classes
2025-09-08 02:05:06,273 [Worker-31: Building] INFO  o.a.m.s.f.DefaultMavenResourcesFiltering - Copying 0 resource from src\test\resources to target\test-classes
2025-09-08 02:05:06,273 [Worker-31: Building] INFO  o.e.m.w.i.f.ResourceFilteringBuildParticipant - Changed resources require a complete clean of filtered resources of webfashionshop
2025-09-08 02:05:06,274 [Worker-31: Building] INFO  o.e.m.w.i.f.ResourceFilteringBuildParticipant - Executing resource filtering for webfashionshop
2025-09-08 02:05:30,779 [Worker-36: Building] INFO  o.a.m.s.f.DefaultMavenResourcesFiltering - Copying 0 resource from src\main\resources to target\classes
2025-09-08 02:05:30,782 [Worker-36: Building] INFO  o.a.m.s.f.DefaultMavenResourcesFiltering - Copying 0 resource from src\test\resources to target\test-classes
2025-09-08 02:05:53,213 [Worker-31: Updating Maven Project] INFO  o.e.m.c.i.p.ProjectConfigurationManager - Update started
2025-09-08 02:05:53,392 [Worker-31: Updating Maven Project] INFO  o.e.m.c.i.l.LifecycleMappingFactory - Using org.maven.ide.eclipse.wtp.WarLifecycleMapping lifecycle mapping for MavenProject: hcmute.vn:webfashionshop:1.0-SNAPSHOT @ E:\Workspace\webfashionshop\pom.xml.
2025-09-08 02:05:53,850 [Worker-31: Updating Maven Project] INFO  o.e.m.j.i.AbstractJavaProjectConfigurator - Adding source folder /webfashionshop/src/main/java
2025-09-08 02:05:53,850 [Worker-31: Updating Maven Project] INFO  o.e.m.j.i.AbstractJavaProjectConfigurator - Adding resource folder /webfashionshop/src/main/resources
2025-09-08 02:05:53,851 [Worker-31: Updating Maven Project] INFO  o.e.m.j.i.AbstractJavaProjectConfigurator - Adding source folder /webfashionshop/src/test/java
2025-09-08 02:05:53,851 [Worker-31: Updating Maven Project] INFO  o.e.m.j.i.AbstractJavaProjectConfigurator - Adding resource folder /webfashionshop/src/test/resources
2025-09-08 02:05:53,927 [Worker-31: Updating Maven Project] INFO  o.e.m.w.i.f.ResourceFilteringBuildParticipant - Cleaning filtered folder for webfashionshop
2025-09-08 02:05:53,939 [Worker-31: Updating Maven Project] INFO  o.e.m.c.i.p.ProjectConfigurationManager - Update completed for 1 poms: local refresh takes 0,00 sec, refresh facades takes 0,00 sec, update config takes 0,00 sec 
2025-09-08 02:05:54,096 [Worker-34: Building] INFO  o.a.m.s.f.DefaultMavenResourcesFiltering - Copying 0 resource from src\main\resources to target\classes
2025-09-08 02:05:54,099 [Worker-34: Building] INFO  o.a.m.s.f.DefaultMavenResourcesFiltering - Copying 0 resource from src\test\resources to target\test-classes
2025-09-08 02:05:54,100 [Worker-34: Building] INFO  o.e.m.w.i.f.ResourceFilteringBuildParticipant - Changed resources require a complete clean of filtered resources of webfashionshop
2025-09-08 02:05:54,100 [Worker-34: Building] INFO  o.e.m.w.i.f.ResourceFilteringBuildParticipant - Executing resource filtering for webfashionshop
2025-09-08 02:08:13,299 [Worker-36: Rebuilding] INFO  o.a.m.s.f.DefaultMavenResourcesFiltering - Copying 0 resource from src\main\resources to target\classes
2025-09-08 02:08:13,300 [Worker-36: Rebuilding] INFO  o.a.m.s.f.DefaultMavenResourcesFiltering - Copying 0 resource from src\test\resources to target\test-classes
2025-09-08 02:10:17,312 [Worker-31: Building] INFO  o.a.m.s.f.DefaultMavenResourcesFiltering - Copying 0 resource from src\main\resources to target\classes
2025-09-08 02:10:17,315 [Worker-31: Building] INFO  o.a.m.s.f.DefaultMavenResourcesFiltering - Copying 0 resource from src\test\resources to target\test-classes
2025-09-08 02:17:41,879 [Worker-38: Building] INFO  o.a.m.s.f.DefaultMavenResourcesFiltering - Copying 0 resource from src\main\resources to target\classes
2025-09-08 02:17:41,882 [Worker-38: Building] INFO  o.a.m.s.f.DefaultMavenResourcesFiltering - Copying 0 resource from src\test\resources to target\test-classes
2025-09-08 02:19:37,553 [Worker-39: Cleaning all projects] INFO  o.e.m.w.i.f.ResourceFilteringBuildParticipant - Cleaning filtered folder for webfashionshop
2025-09-08 02:19:37,712 [Worker-37: Building] INFO  o.a.m.s.f.DefaultMavenResourcesFiltering - Copying 0 resource from src\main\resources to target\classes
2025-09-08 02:19:37,715 [Worker-37: Building] INFO  o.a.m.s.f.DefaultMavenResourcesFiltering - Copying 0 resource from src\test\resources to target\test-classes
2025-09-08 02:19:37,715 [Worker-37: Building] INFO  o.e.m.w.i.f.ResourceFilteringBuildParticipant - Changed resources require a complete clean of filtered resources of webfashionshop
2025-09-08 02:19:37,715 [Worker-37: Building] INFO  o.e.m.w.i.f.ResourceFilteringBuildParticipant - Executing resource filtering for webfashionshop
2025-09-08 02:19:45,579 [Worker-39: Launching Executing clean in E__Workspace_webfashionshop] INFO  o.eclipse.m2e.core.internal.Bundles - getClasspathEntries(Bundle=org.eclipse.m2e.maven.runtime_3.9.900.20250220-2013 [364])
2025-09-08 02:19:45,581 [Worker-39: Launching Executing clean in E__Workspace_webfashionshop] INFO  o.eclipse.m2e.core.internal.Bundles - 	Entry: E:\Programs\Coding\Web\Eclipse_Java_SpringTool\sts-4.31.0.RELEASE\plugins\org.eclipse.m2e.maven.runtime_3.9.900.20250220-2013
2025-09-08 02:19:45,581 [Worker-39: Launching Executing clean in E__Workspace_webfashionshop] INFO  o.eclipse.m2e.core.internal.Bundles - 	Entry: E:\Programs\Coding\Web\Eclipse_Java_SpringTool\sts-4.31.0.RELEASE\plugins\org.eclipse.m2e.maven.runtime_3.9.900.20250220-2013\jars\aopalliance-1.0.jar
2025-09-08 02:19:45,581 [Worker-39: Launching Executing clean in E__Workspace_webfashionshop] INFO  o.eclipse.m2e.core.internal.Bundles - 	Entry: E:\Programs\Coding\Web\Eclipse_Java_SpringTool\sts-4.31.0.RELEASE\plugins\org.eclipse.m2e.maven.runtime_3.9.900.20250220-2013\jars\guice-5.1.0.jar
2025-09-08 02:19:45,581 [Worker-39: Launching Executing clean in E__Workspace_webfashionshop] INFO  o.eclipse.m2e.core.internal.Bundles - 	Entry: E:\Programs\Coding\Web\Eclipse_Java_SpringTool\sts-4.31.0.RELEASE\plugins\org.eclipse.m2e.maven.runtime_3.9.900.20250220-2013\jars\httpclient-4.5.14.jar
2025-09-08 02:19:45,581 [Worker-39: Launching Executing clean in E__Workspace_webfashionshop] INFO  o.eclipse.m2e.core.internal.Bundles - 	Entry: E:\Programs\Coding\Web\Eclipse_Java_SpringTool\sts-4.31.0.RELEASE\plugins\org.eclipse.m2e.maven.runtime_3.9.900.20250220-2013\jars\httpcore-4.4.16.jar
2025-09-08 02:19:45,581 [Worker-39: Launching Executing clean in E__Workspace_webfashionshop] INFO  o.eclipse.m2e.core.internal.Bundles - 	Entry: E:\Programs\Coding\Web\Eclipse_Java_SpringTool\sts-4.31.0.RELEASE\plugins\org.eclipse.m2e.maven.runtime_3.9.900.20250220-2013\jars\jansi-2.4.1.jar
2025-09-08 02:19:45,581 [Worker-39: Launching Executing clean in E__Workspace_webfashionshop] INFO  o.eclipse.m2e.core.internal.Bundles - 	Entry: E:\Programs\Coding\Web\Eclipse_Java_SpringTool\sts-4.31.0.RELEASE\plugins\org.eclipse.m2e.maven.runtime_3.9.900.20250220-2013\jars\jcl-over-slf4j-1.7.36.jar
2025-09-08 02:19:45,581 [Worker-39: Launching Executing clean in E__Workspace_webfashionshop] INFO  o.eclipse.m2e.core.internal.Bundles - 	Entry: E:\Programs\Coding\Web\Eclipse_Java_SpringTool\sts-4.31.0.RELEASE\plugins\org.eclipse.m2e.maven.runtime_3.9.900.20250220-2013\jars\maven-artifact-3.9.9.jar
2025-09-08 02:19:45,582 [Worker-39: Launching Executing clean in E__Workspace_webfashionshop] INFO  o.eclipse.m2e.core.internal.Bundles - 	Entry: E:\Programs\Coding\Web\Eclipse_Java_SpringTool\sts-4.31.0.RELEASE\plugins\org.eclipse.m2e.maven.runtime_3.9.900.20250220-2013\jars\maven-builder-support-3.9.9.jar
2025-09-08 02:19:45,582 [Worker-39: Launching Executing clean in E__Workspace_webfashionshop] INFO  o.eclipse.m2e.core.internal.Bundles - 	Entry: E:\Programs\Coding\Web\Eclipse_Java_SpringTool\sts-4.31.0.RELEASE\plugins\org.eclipse.m2e.maven.runtime_3.9.900.20250220-2013\jars\maven-compat-3.9.9.jar
2025-09-08 02:19:45,582 [Worker-39: Launching Executing clean in E__Workspace_webfashionshop] INFO  o.eclipse.m2e.core.internal.Bundles - 	Entry: E:\Programs\Coding\Web\Eclipse_Java_SpringTool\sts-4.31.0.RELEASE\plugins\org.eclipse.m2e.maven.runtime_3.9.900.20250220-2013\jars\maven-core-3.9.9.jar
2025-09-08 02:19:45,582 [Worker-39: Launching Executing clean in E__Workspace_webfashionshop] INFO  o.eclipse.m2e.core.internal.Bundles - 	Entry: E:\Programs\Coding\Web\Eclipse_Java_SpringTool\sts-4.31.0.RELEASE\plugins\org.eclipse.m2e.maven.runtime_3.9.900.20250220-2013\jars\maven-embedder-3.9.9.jar
2025-09-08 02:19:45,582 [Worker-39: Launching Executing clean in E__Workspace_webfashionshop] INFO  o.eclipse.m2e.core.internal.Bundles - 	Entry: E:\Programs\Coding\Web\Eclipse_Java_SpringTool\sts-4.31.0.RELEASE\plugins\org.eclipse.m2e.maven.runtime_3.9.900.20250220-2013\jars\maven-model-3.9.9.jar
2025-09-08 02:19:45,582 [Worker-39: Launching Executing clean in E__Workspace_webfashionshop] INFO  o.eclipse.m2e.core.internal.Bundles - 	Entry: E:\Programs\Coding\Web\Eclipse_Java_SpringTool\sts-4.31.0.RELEASE\plugins\org.eclipse.m2e.maven.runtime_3.9.900.20250220-2013\jars\maven-model-builder-3.9.9.jar
2025-09-08 02:19:45,582 [Worker-39: Launching Executing clean in E__Workspace_webfashionshop] INFO  o.eclipse.m2e.core.internal.Bundles - 	Entry: E:\Programs\Coding\Web\Eclipse_Java_SpringTool\sts-4.31.0.RELEASE\plugins\org.eclipse.m2e.maven.runtime_3.9.900.20250220-2013\jars\maven-plugin-api-3.9.9.jar
2025-09-08 02:19:45,582 [Worker-39: Launching Executing clean in E__Workspace_webfashionshop] INFO  o.eclipse.m2e.core.internal.Bundles - 	Entry: E:\Programs\Coding\Web\Eclipse_Java_SpringTool\sts-4.31.0.RELEASE\plugins\org.eclipse.m2e.maven.runtime_3.9.900.20250220-2013\jars\maven-repository-metadata-3.9.9.jar
2025-09-08 02:19:45,582 [Worker-39: Launching Executing clean in E__Workspace_webfashionshop] INFO  o.eclipse.m2e.core.internal.Bundles - 	Entry: E:\Programs\Coding\Web\Eclipse_Java_SpringTool\sts-4.31.0.RELEASE\plugins\org.eclipse.m2e.maven.runtime_3.9.900.20250220-2013\jars\maven-resolver-api-1.9.22.jar
2025-09-08 02:19:45,582 [Worker-39: Launching Executing clean in E__Workspace_webfashionshop] INFO  o.eclipse.m2e.core.internal.Bundles - 	Entry: E:\Programs\Coding\Web\Eclipse_Java_SpringTool\sts-4.31.0.RELEASE\plugins\org.eclipse.m2e.maven.runtime_3.9.900.20250220-2013\jars\maven-resolver-connector-basic-1.9.22.jar
2025-09-08 02:19:45,582 [Worker-39: Launching Executing clean in E__Workspace_webfashionshop] INFO  o.eclipse.m2e.core.internal.Bundles - 	Entry: E:\Programs\Coding\Web\Eclipse_Java_SpringTool\sts-4.31.0.RELEASE\plugins\org.eclipse.m2e.maven.runtime_3.9.900.20250220-2013\jars\maven-resolver-impl-1.9.22.jar
2025-09-08 02:19:45,582 [Worker-39: Launching Executing clean in E__Workspace_webfashionshop] INFO  o.eclipse.m2e.core.internal.Bundles - 	Entry: E:\Programs\Coding\Web\Eclipse_Java_SpringTool\sts-4.31.0.RELEASE\plugins\org.eclipse.m2e.maven.runtime_3.9.900.20250220-2013\jars\maven-resolver-named-locks-1.9.22.jar
2025-09-08 02:19:45,582 [Worker-39: Launching Executing clean in E__Workspace_webfashionshop] INFO  o.eclipse.m2e.core.internal.Bundles - 	Entry: E:\Programs\Coding\Web\Eclipse_Java_SpringTool\sts-4.31.0.RELEASE\plugins\org.eclipse.m2e.maven.runtime_3.9.900.20250220-2013\jars\maven-resolver-provider-3.9.9.jar
2025-09-08 02:19:45,582 [Worker-39: Launching Executing clean in E__Workspace_webfashionshop] INFO  o.eclipse.m2e.core.internal.Bundles - 	Entry: E:\Programs\Coding\Web\Eclipse_Java_SpringTool\sts-4.31.0.RELEASE\plugins\org.eclipse.m2e.maven.runtime_3.9.900.20250220-2013\jars\maven-resolver-spi-1.9.22.jar
2025-09-08 02:19:45,582 [Worker-39: Launching Executing clean in E__Workspace_webfashionshop] INFO  o.eclipse.m2e.core.internal.Bundles - 	Entry: E:\Programs\Coding\Web\Eclipse_Java_SpringTool\sts-4.31.0.RELEASE\plugins\org.eclipse.m2e.maven.runtime_3.9.900.20250220-2013\jars\maven-resolver-transport-file-1.9.22.jar
2025-09-08 02:19:45,582 [Worker-39: Launching Executing clean in E__Workspace_webfashionshop] INFO  o.eclipse.m2e.core.internal.Bundles - 	Entry: E:\Programs\Coding\Web\Eclipse_Java_SpringTool\sts-4.31.0.RELEASE\plugins\org.eclipse.m2e.maven.runtime_3.9.900.20250220-2013\jars\maven-resolver-transport-http-1.9.22.jar
2025-09-08 02:19:45,582 [Worker-39: Launching Executing clean in E__Workspace_webfashionshop] INFO  o.eclipse.m2e.core.internal.Bundles - 	Entry: E:\Programs\Coding\Web\Eclipse_Java_SpringTool\sts-4.31.0.RELEASE\plugins\org.eclipse.m2e.maven.runtime_3.9.900.20250220-2013\jars\maven-resolver-transport-wagon-1.9.22.jar
2025-09-08 02:19:45,583 [Worker-39: Launching Executing clean in E__Workspace_webfashionshop] INFO  o.eclipse.m2e.core.internal.Bundles - 	Entry: E:\Programs\Coding\Web\Eclipse_Java_SpringTool\sts-4.31.0.RELEASE\plugins\org.eclipse.m2e.maven.runtime_3.9.900.20250220-2013\jars\maven-resolver-util-1.9.22.jar
2025-09-08 02:19:45,583 [Worker-39: Launching Executing clean in E__Workspace_webfashionshop] INFO  o.eclipse.m2e.core.internal.Bundles - 	Entry: E:\Programs\Coding\Web\Eclipse_Java_SpringTool\sts-4.31.0.RELEASE\plugins\org.eclipse.m2e.maven.runtime_3.9.900.20250220-2013\jars\maven-settings-3.9.9.jar
2025-09-08 02:19:45,583 [Worker-39: Launching Executing clean in E__Workspace_webfashionshop] INFO  o.eclipse.m2e.core.internal.Bundles - 	Entry: E:\Programs\Coding\Web\Eclipse_Java_SpringTool\sts-4.31.0.RELEASE\plugins\org.eclipse.m2e.maven.runtime_3.9.900.20250220-2013\jars\maven-settings-builder-3.9.9.jar
2025-09-08 02:19:45,583 [Worker-39: Launching Executing clean in E__Workspace_webfashionshop] INFO  o.eclipse.m2e.core.internal.Bundles - 	Entry: E:\Programs\Coding\Web\Eclipse_Java_SpringTool\sts-4.31.0.RELEASE\plugins\org.eclipse.m2e.maven.runtime_3.9.900.20250220-2013\jars\maven-shared-utils-3.4.2.jar
2025-09-08 02:19:45,583 [Worker-39: Launching Executing clean in E__Workspace_webfashionshop] INFO  o.eclipse.m2e.core.internal.Bundles - 	Entry: E:\Programs\Coding\Web\Eclipse_Java_SpringTool\sts-4.31.0.RELEASE\plugins\org.eclipse.m2e.maven.runtime_3.9.900.20250220-2013\jars\org.eclipse.sisu.inject-0.9.0.M3.jar
2025-09-08 02:19:45,583 [Worker-39: Launching Executing clean in E__Workspace_webfashionshop] INFO  o.eclipse.m2e.core.internal.Bundles - 	Entry: E:\Programs\Coding\Web\Eclipse_Java_SpringTool\sts-4.31.0.RELEASE\plugins\org.eclipse.m2e.maven.runtime_3.9.900.20250220-2013\jars\org.eclipse.sisu.plexus-0.9.0.M3.jar
2025-09-08 02:19:45,583 [Worker-39: Launching Executing clean in E__Workspace_webfashionshop] INFO  o.eclipse.m2e.core.internal.Bundles - 	Entry: E:\Programs\Coding\Web\Eclipse_Java_SpringTool\sts-4.31.0.RELEASE\plugins\org.eclipse.m2e.maven.runtime_3.9.900.20250220-2013\jars\plexus-build-api-0.0.7.jar
2025-09-08 02:19:45,583 [Worker-39: Launching Executing clean in E__Workspace_webfashionshop] INFO  o.eclipse.m2e.core.internal.Bundles - 	Entry: E:\Programs\Coding\Web\Eclipse_Java_SpringTool\sts-4.31.0.RELEASE\plugins\org.eclipse.m2e.maven.runtime_3.9.900.20250220-2013\jars\plexus-build-api-1.2.0.jar
2025-09-08 02:19:45,583 [Worker-39: Launching Executing clean in E__Workspace_webfashionshop] INFO  o.eclipse.m2e.core.internal.Bundles - 	Entry: E:\Programs\Coding\Web\Eclipse_Java_SpringTool\sts-4.31.0.RELEASE\plugins\org.eclipse.m2e.maven.runtime_3.9.900.20250220-2013\jars\plexus-cipher-2.0.jar
2025-09-08 02:19:45,583 [Worker-39: Launching Executing clean in E__Workspace_webfashionshop] INFO  o.eclipse.m2e.core.internal.Bundles - 	Entry: E:\Programs\Coding\Web\Eclipse_Java_SpringTool\sts-4.31.0.RELEASE\plugins\org.eclipse.m2e.maven.runtime_3.9.900.20250220-2013\jars\plexus-classworlds-2.8.0.jar
2025-09-08 02:19:45,583 [Worker-39: Launching Executing clean in E__Workspace_webfashionshop] INFO  o.eclipse.m2e.core.internal.Bundles - 	Entry: E:\Programs\Coding\Web\Eclipse_Java_SpringTool\sts-4.31.0.RELEASE\plugins\org.eclipse.m2e.maven.runtime_3.9.900.20250220-2013\jars\plexus-component-annotations-2.1.0.jar
2025-09-08 02:19:45,583 [Worker-39: Launching Executing clean in E__Workspace_webfashionshop] INFO  o.eclipse.m2e.core.internal.Bundles - 	Entry: E:\Programs\Coding\Web\Eclipse_Java_SpringTool\sts-4.31.0.RELEASE\plugins\org.eclipse.m2e.maven.runtime_3.9.900.20250220-2013\jars\plexus-interpolation-1.27.jar
2025-09-08 02:19:45,583 [Worker-39: Launching Executing clean in E__Workspace_webfashionshop] INFO  o.eclipse.m2e.core.internal.Bundles - 	Entry: E:\Programs\Coding\Web\Eclipse_Java_SpringTool\sts-4.31.0.RELEASE\plugins\org.eclipse.m2e.maven.runtime_3.9.900.20250220-2013\jars\plexus-sec-dispatcher-2.0.jar
2025-09-08 02:19:45,583 [Worker-39: Launching Executing clean in E__Workspace_webfashionshop] INFO  o.eclipse.m2e.core.internal.Bundles - 	Entry: E:\Programs\Coding\Web\Eclipse_Java_SpringTool\sts-4.31.0.RELEASE\plugins\org.eclipse.m2e.maven.runtime_3.9.900.20250220-2013\jars\plexus-utils-3.5.1.jar
2025-09-08 02:19:45,583 [Worker-39: Launching Executing clean in E__Workspace_webfashionshop] INFO  o.eclipse.m2e.core.internal.Bundles - 	Entry: E:\Programs\Coding\Web\Eclipse_Java_SpringTool\sts-4.31.0.RELEASE\plugins\org.eclipse.m2e.maven.runtime_3.9.900.20250220-2013\jars\plexus-xml-3.0.1.jar
2025-09-08 02:19:45,583 [Worker-39: Launching Executing clean in E__Workspace_webfashionshop] INFO  o.eclipse.m2e.core.internal.Bundles - 	Entry: E:\Programs\Coding\Web\Eclipse_Java_SpringTool\sts-4.31.0.RELEASE\plugins\org.eclipse.m2e.maven.runtime_3.9.900.20250220-2013\jars\wagon-file-3.5.3.jar
2025-09-08 02:19:45,583 [Worker-39: Launching Executing clean in E__Workspace_webfashionshop] INFO  o.eclipse.m2e.core.internal.Bundles - 	Entry: E:\Programs\Coding\Web\Eclipse_Java_SpringTool\sts-4.31.0.RELEASE\plugins\org.eclipse.m2e.maven.runtime_3.9.900.20250220-2013\jars\wagon-http-3.5.3.jar
2025-09-08 02:19:45,585 [Worker-39: Launching Executing clean in E__Workspace_webfashionshop] INFO  o.eclipse.m2e.core.internal.Bundles - 	Entry: E:\Programs\Coding\Web\Eclipse_Java_SpringTool\sts-4.31.0.RELEASE\plugins\org.eclipse.m2e.maven.runtime_3.9.900.20250220-2013\jars\wagon-http-shared-3.5.3.jar
2025-09-08 02:19:45,585 [Worker-39: Launching Executing clean in E__Workspace_webfashionshop] INFO  o.eclipse.m2e.core.internal.Bundles - 	Entry: E:\Programs\Coding\Web\Eclipse_Java_SpringTool\sts-4.31.0.RELEASE\plugins\org.eclipse.m2e.maven.runtime_3.9.900.20250220-2013\jars\wagon-provider-api-3.5.3.jar
2025-09-08 02:19:45,585 [Worker-39: Launching Executing clean in E__Workspace_webfashionshop] INFO  o.eclipse.m2e.core.internal.Bundles - getClasspathEntries(Bundle=com.google.guava_33.4.8.jre [31])
2025-09-08 02:19:45,586 [Worker-39: Launching Executing clean in E__Workspace_webfashionshop] INFO  o.eclipse.m2e.core.internal.Bundles - 	Entry: E:\Programs\Coding\Web\Eclipse_Java_SpringTool\sts-4.31.0.RELEASE\plugins\com.google.guava_33.4.8.jre.jar
2025-09-08 02:19:45,586 [Worker-39: Launching Executing clean in E__Workspace_webfashionshop] INFO  o.eclipse.m2e.core.internal.Bundles - getClasspathEntries(Bundle=slf4j.api_2.0.17 [613])
2025-09-08 02:19:45,586 [Worker-39: Launching Executing clean in E__Workspace_webfashionshop] INFO  o.eclipse.m2e.core.internal.Bundles - 	Entry: E:\Programs\Coding\Web\Eclipse_Java_SpringTool\sts-4.31.0.RELEASE\plugins\slf4j.api_2.0.17.jar
2025-09-08 02:19:45,586 [Worker-39: Launching Executing clean in E__Workspace_webfashionshop] INFO  o.eclipse.m2e.core.internal.Bundles - getClasspathEntries(Bundle=jakarta.inject.jakarta.inject-api_1.0.5 [46])
2025-09-08 02:19:45,586 [Worker-39: Launching Executing clean in E__Workspace_webfashionshop] INFO  o.eclipse.m2e.core.internal.Bundles - 	Entry: E:\Programs\Coding\Web\Eclipse_Java_SpringTool\sts-4.31.0.RELEASE\plugins\jakarta.inject.jakarta.inject-api_1.0.5.jar
2025-09-08 02:19:45,586 [Worker-39: Launching Executing clean in E__Workspace_webfashionshop] INFO  o.eclipse.m2e.core.internal.Bundles - getClasspathEntries(Bundle=javax.annotation_1.3.5.v20200909-1856 [55])
2025-09-08 02:19:45,586 [Worker-39: Launching Executing clean in E__Workspace_webfashionshop] INFO  o.eclipse.m2e.core.internal.Bundles - 	Entry: E:\Programs\Coding\Web\Eclipse_Java_SpringTool\sts-4.31.0.RELEASE\plugins\javax.annotation_1.3.5.v20200909-1856.jar
2025-09-08 02:19:45,586 [Worker-39: Launching Executing clean in E__Workspace_webfashionshop] INFO  o.eclipse.m2e.core.internal.Bundles - getClasspathEntries(Bundle=org.apache.commons.cli_1.9.0 [79])
2025-09-08 02:19:45,588 [Worker-39: Launching Executing clean in E__Workspace_webfashionshop] INFO  o.eclipse.m2e.core.internal.Bundles - 	Entry: E:\Programs\Coding\Web\Eclipse_Java_SpringTool\sts-4.31.0.RELEASE\plugins\org.apache.commons.cli_1.9.0.jar
2025-09-08 02:19:45,588 [Worker-39: Launching Executing clean in E__Workspace_webfashionshop] INFO  o.eclipse.m2e.core.internal.Bundles - getClasspathEntries(Bundle=org.apache.commons.commons-codec_1.16.0 [81])
2025-09-08 02:19:45,588 [Worker-39: Launching Executing clean in E__Workspace_webfashionshop] INFO  o.eclipse.m2e.core.internal.Bundles - 	Entry: E:\Programs\Coding\Web\Eclipse_Java_SpringTool\sts-4.31.0.RELEASE\plugins\org.apache.commons.commons-codec_1.16.0.jar
2025-09-08 02:19:45,588 [Worker-39: Launching Executing clean in E__Workspace_webfashionshop] INFO  o.eclipse.m2e.core.internal.Bundles - getClasspathEntries(Bundle=com.google.guava.failureaccess_1.0.3 [32])
2025-09-08 02:19:45,588 [Worker-39: Launching Executing clean in E__Workspace_webfashionshop] INFO  o.eclipse.m2e.core.internal.Bundles - 	Entry: E:\Programs\Coding\Web\Eclipse_Java_SpringTool\sts-4.31.0.RELEASE\plugins\com.google.guava.failureaccess_1.0.3.jar
2025-09-08 02:19:45,591 [Worker-39: Launching Executing clean in E__Workspace_webfashionshop] INFO  o.e.m.i.launch.MavenLaunchDelegate - Run build in "E:\Workspace\webfashionshop":
2025-09-08 02:19:45,592 [Worker-39: Launching Executing clean in E__Workspace_webfashionshop] INFO  o.e.m.i.launch.MavenLaunchDelegate -  mvn  -B -Dstyle.color=always -s E:\Programs\Coding\Web\Eclipse_Java_SpringTool\apache-maven-3.9.11\conf\settings.xml clean
2025-09-08 02:19:59,962 [Worker-34: Launching Executing install in E__Workspace_webfashionshop] INFO  o.eclipse.m2e.core.internal.Bundles - getClasspathEntries(Bundle=org.eclipse.m2e.maven.runtime_3.9.900.20250220-2013 [364])
2025-09-08 02:19:59,963 [Worker-34: Launching Executing install in E__Workspace_webfashionshop] INFO  o.eclipse.m2e.core.internal.Bundles - 	Entry: E:\Programs\Coding\Web\Eclipse_Java_SpringTool\sts-4.31.0.RELEASE\plugins\org.eclipse.m2e.maven.runtime_3.9.900.20250220-2013
2025-09-08 02:19:59,964 [Worker-34: Launching Executing install in E__Workspace_webfashionshop] INFO  o.eclipse.m2e.core.internal.Bundles - 	Entry: E:\Programs\Coding\Web\Eclipse_Java_SpringTool\sts-4.31.0.RELEASE\plugins\org.eclipse.m2e.maven.runtime_3.9.900.20250220-2013\jars\aopalliance-1.0.jar
2025-09-08 02:19:59,964 [Worker-34: Launching Executing install in E__Workspace_webfashionshop] INFO  o.eclipse.m2e.core.internal.Bundles - 	Entry: E:\Programs\Coding\Web\Eclipse_Java_SpringTool\sts-4.31.0.RELEASE\plugins\org.eclipse.m2e.maven.runtime_3.9.900.20250220-2013\jars\guice-5.1.0.jar
2025-09-08 02:19:59,964 [Worker-34: Launching Executing install in E__Workspace_webfashionshop] INFO  o.eclipse.m2e.core.internal.Bundles - 	Entry: E:\Programs\Coding\Web\Eclipse_Java_SpringTool\sts-4.31.0.RELEASE\plugins\org.eclipse.m2e.maven.runtime_3.9.900.20250220-2013\jars\httpclient-4.5.14.jar
2025-09-08 02:19:59,964 [Worker-34: Launching Executing install in E__Workspace_webfashionshop] INFO  o.eclipse.m2e.core.internal.Bundles - 	Entry: E:\Programs\Coding\Web\Eclipse_Java_SpringTool\sts-4.31.0.RELEASE\plugins\org.eclipse.m2e.maven.runtime_3.9.900.20250220-2013\jars\httpcore-4.4.16.jar
2025-09-08 02:19:59,964 [Worker-34: Launching Executing install in E__Workspace_webfashionshop] INFO  o.eclipse.m2e.core.internal.Bundles - 	Entry: E:\Programs\Coding\Web\Eclipse_Java_SpringTool\sts-4.31.0.RELEASE\plugins\org.eclipse.m2e.maven.runtime_3.9.900.20250220-2013\jars\jansi-2.4.1.jar
2025-09-08 02:19:59,964 [Worker-34: Launching Executing install in E__Workspace_webfashionshop] INFO  o.eclipse.m2e.core.internal.Bundles - 	Entry: E:\Programs\Coding\Web\Eclipse_Java_SpringTool\sts-4.31.0.RELEASE\plugins\org.eclipse.m2e.maven.runtime_3.9.900.20250220-2013\jars\jcl-over-slf4j-1.7.36.jar
2025-09-08 02:19:59,964 [Worker-34: Launching Executing install in E__Workspace_webfashionshop] INFO  o.eclipse.m2e.core.internal.Bundles - 	Entry: E:\Programs\Coding\Web\Eclipse_Java_SpringTool\sts-4.31.0.RELEASE\plugins\org.eclipse.m2e.maven.runtime_3.9.900.20250220-2013\jars\maven-artifact-3.9.9.jar
2025-09-08 02:19:59,964 [Worker-34: Launching Executing install in E__Workspace_webfashionshop] INFO  o.eclipse.m2e.core.internal.Bundles - 	Entry: E:\Programs\Coding\Web\Eclipse_Java_SpringTool\sts-4.31.0.RELEASE\plugins\org.eclipse.m2e.maven.runtime_3.9.900.20250220-2013\jars\maven-builder-support-3.9.9.jar
2025-09-08 02:19:59,964 [Worker-34: Launching Executing install in E__Workspace_webfashionshop] INFO  o.eclipse.m2e.core.internal.Bundles - 	Entry: E:\Programs\Coding\Web\Eclipse_Java_SpringTool\sts-4.31.0.RELEASE\plugins\org.eclipse.m2e.maven.runtime_3.9.900.20250220-2013\jars\maven-compat-3.9.9.jar
2025-09-08 02:19:59,965 [Worker-34: Launching Executing install in E__Workspace_webfashionshop] INFO  o.eclipse.m2e.core.internal.Bundles - 	Entry: E:\Programs\Coding\Web\Eclipse_Java_SpringTool\sts-4.31.0.RELEASE\plugins\org.eclipse.m2e.maven.runtime_3.9.900.20250220-2013\jars\maven-core-3.9.9.jar
2025-09-08 02:19:59,965 [Worker-34: Launching Executing install in E__Workspace_webfashionshop] INFO  o.eclipse.m2e.core.internal.Bundles - 	Entry: E:\Programs\Coding\Web\Eclipse_Java_SpringTool\sts-4.31.0.RELEASE\plugins\org.eclipse.m2e.maven.runtime_3.9.900.20250220-2013\jars\maven-embedder-3.9.9.jar
2025-09-08 02:19:59,965 [Worker-34: Launching Executing install in E__Workspace_webfashionshop] INFO  o.eclipse.m2e.core.internal.Bundles - 	Entry: E:\Programs\Coding\Web\Eclipse_Java_SpringTool\sts-4.31.0.RELEASE\plugins\org.eclipse.m2e.maven.runtime_3.9.900.20250220-2013\jars\maven-model-3.9.9.jar
2025-09-08 02:19:59,965 [Worker-34: Launching Executing install in E__Workspace_webfashionshop] INFO  o.eclipse.m2e.core.internal.Bundles - 	Entry: E:\Programs\Coding\Web\Eclipse_Java_SpringTool\sts-4.31.0.RELEASE\plugins\org.eclipse.m2e.maven.runtime_3.9.900.20250220-2013\jars\maven-model-builder-3.9.9.jar
2025-09-08 02:19:59,966 [Worker-34: Launching Executing install in E__Workspace_webfashionshop] INFO  o.eclipse.m2e.core.internal.Bundles - 	Entry: E:\Programs\Coding\Web\Eclipse_Java_SpringTool\sts-4.31.0.RELEASE\plugins\org.eclipse.m2e.maven.runtime_3.9.900.20250220-2013\jars\maven-plugin-api-3.9.9.jar
2025-09-08 02:19:59,966 [Worker-34: Launching Executing install in E__Workspace_webfashionshop] INFO  o.eclipse.m2e.core.internal.Bundles - 	Entry: E:\Programs\Coding\Web\Eclipse_Java_SpringTool\sts-4.31.0.RELEASE\plugins\org.eclipse.m2e.maven.runtime_3.9.900.20250220-2013\jars\maven-repository-metadata-3.9.9.jar
2025-09-08 02:19:59,966 [Worker-34: Launching Executing install in E__Workspace_webfashionshop] INFO  o.eclipse.m2e.core.internal.Bundles - 	Entry: E:\Programs\Coding\Web\Eclipse_Java_SpringTool\sts-4.31.0.RELEASE\plugins\org.eclipse.m2e.maven.runtime_3.9.900.20250220-2013\jars\maven-resolver-api-1.9.22.jar
2025-09-08 02:19:59,966 [Worker-34: Launching Executing install in E__Workspace_webfashionshop] INFO  o.eclipse.m2e.core.internal.Bundles - 	Entry: E:\Programs\Coding\Web\Eclipse_Java_SpringTool\sts-4.31.0.RELEASE\plugins\org.eclipse.m2e.maven.runtime_3.9.900.20250220-2013\jars\maven-resolver-connector-basic-1.9.22.jar
2025-09-08 02:19:59,966 [Worker-34: Launching Executing install in E__Workspace_webfashionshop] INFO  o.eclipse.m2e.core.internal.Bundles - 	Entry: E:\Programs\Coding\Web\Eclipse_Java_SpringTool\sts-4.31.0.RELEASE\plugins\org.eclipse.m2e.maven.runtime_3.9.900.20250220-2013\jars\maven-resolver-impl-1.9.22.jar
2025-09-08 02:19:59,966 [Worker-34: Launching Executing install in E__Workspace_webfashionshop] INFO  o.eclipse.m2e.core.internal.Bundles - 	Entry: E:\Programs\Coding\Web\Eclipse_Java_SpringTool\sts-4.31.0.RELEASE\plugins\org.eclipse.m2e.maven.runtime_3.9.900.20250220-2013\jars\maven-resolver-named-locks-1.9.22.jar
2025-09-08 02:19:59,966 [Worker-34: Launching Executing install in E__Workspace_webfashionshop] INFO  o.eclipse.m2e.core.internal.Bundles - 	Entry: E:\Programs\Coding\Web\Eclipse_Java_SpringTool\sts-4.31.0.RELEASE\plugins\org.eclipse.m2e.maven.runtime_3.9.900.20250220-2013\jars\maven-resolver-provider-3.9.9.jar
2025-09-08 02:19:59,966 [Worker-34: Launching Executing install in E__Workspace_webfashionshop] INFO  o.eclipse.m2e.core.internal.Bundles - 	Entry: E:\Programs\Coding\Web\Eclipse_Java_SpringTool\sts-4.31.0.RELEASE\plugins\org.eclipse.m2e.maven.runtime_3.9.900.20250220-2013\jars\maven-resolver-spi-1.9.22.jar
2025-09-08 02:19:59,966 [Worker-34: Launching Executing install in E__Workspace_webfashionshop] INFO  o.eclipse.m2e.core.internal.Bundles - 	Entry: E:\Programs\Coding\Web\Eclipse_Java_SpringTool\sts-4.31.0.RELEASE\plugins\org.eclipse.m2e.maven.runtime_3.9.900.20250220-2013\jars\maven-resolver-transport-file-1.9.22.jar
2025-09-08 02:19:59,966 [Worker-34: Launching Executing install in E__Workspace_webfashionshop] INFO  o.eclipse.m2e.core.internal.Bundles - 	Entry: E:\Programs\Coding\Web\Eclipse_Java_SpringTool\sts-4.31.0.RELEASE\plugins\org.eclipse.m2e.maven.runtime_3.9.900.20250220-2013\jars\maven-resolver-transport-http-1.9.22.jar
2025-09-08 02:19:59,967 [Worker-34: Launching Executing install in E__Workspace_webfashionshop] INFO  o.eclipse.m2e.core.internal.Bundles - 	Entry: E:\Programs\Coding\Web\Eclipse_Java_SpringTool\sts-4.31.0.RELEASE\plugins\org.eclipse.m2e.maven.runtime_3.9.900.20250220-2013\jars\maven-resolver-transport-wagon-1.9.22.jar
2025-09-08 02:19:59,967 [Worker-34: Launching Executing install in E__Workspace_webfashionshop] INFO  o.eclipse.m2e.core.internal.Bundles - 	Entry: E:\Programs\Coding\Web\Eclipse_Java_SpringTool\sts-4.31.0.RELEASE\plugins\org.eclipse.m2e.maven.runtime_3.9.900.20250220-2013\jars\maven-resolver-util-1.9.22.jar
2025-09-08 02:19:59,967 [Worker-34: Launching Executing install in E__Workspace_webfashionshop] INFO  o.eclipse.m2e.core.internal.Bundles - 	Entry: E:\Programs\Coding\Web\Eclipse_Java_SpringTool\sts-4.31.0.RELEASE\plugins\org.eclipse.m2e.maven.runtime_3.9.900.20250220-2013\jars\maven-settings-3.9.9.jar
2025-09-08 02:19:59,967 [Worker-34: Launching Executing install in E__Workspace_webfashionshop] INFO  o.eclipse.m2e.core.internal.Bundles - 	Entry: E:\Programs\Coding\Web\Eclipse_Java_SpringTool\sts-4.31.0.RELEASE\plugins\org.eclipse.m2e.maven.runtime_3.9.900.20250220-2013\jars\maven-settings-builder-3.9.9.jar
2025-09-08 02:19:59,967 [Worker-34: Launching Executing install in E__Workspace_webfashionshop] INFO  o.eclipse.m2e.core.internal.Bundles - 	Entry: E:\Programs\Coding\Web\Eclipse_Java_SpringTool\sts-4.31.0.RELEASE\plugins\org.eclipse.m2e.maven.runtime_3.9.900.20250220-2013\jars\maven-shared-utils-3.4.2.jar
2025-09-08 02:19:59,967 [Worker-34: Launching Executing install in E__Workspace_webfashionshop] INFO  o.eclipse.m2e.core.internal.Bundles - 	Entry: E:\Programs\Coding\Web\Eclipse_Java_SpringTool\sts-4.31.0.RELEASE\plugins\org.eclipse.m2e.maven.runtime_3.9.900.20250220-2013\jars\org.eclipse.sisu.inject-0.9.0.M3.jar
2025-09-08 02:19:59,967 [Worker-34: Launching Executing install in E__Workspace_webfashionshop] INFO  o.eclipse.m2e.core.internal.Bundles - 	Entry: E:\Programs\Coding\Web\Eclipse_Java_SpringTool\sts-4.31.0.RELEASE\plugins\org.eclipse.m2e.maven.runtime_3.9.900.20250220-2013\jars\org.eclipse.sisu.plexus-0.9.0.M3.jar
2025-09-08 02:19:59,967 [Worker-34: Launching Executing install in E__Workspace_webfashionshop] INFO  o.eclipse.m2e.core.internal.Bundles - 	Entry: E:\Programs\Coding\Web\Eclipse_Java_SpringTool\sts-4.31.0.RELEASE\plugins\org.eclipse.m2e.maven.runtime_3.9.900.20250220-2013\jars\plexus-build-api-0.0.7.jar
2025-09-08 02:19:59,967 [Worker-34: Launching Executing install in E__Workspace_webfashionshop] INFO  o.eclipse.m2e.core.internal.Bundles - 	Entry: E:\Programs\Coding\Web\Eclipse_Java_SpringTool\sts-4.31.0.RELEASE\plugins\org.eclipse.m2e.maven.runtime_3.9.900.20250220-2013\jars\plexus-build-api-1.2.0.jar
2025-09-08 02:19:59,967 [Worker-34: Launching Executing install in E__Workspace_webfashionshop] INFO  o.eclipse.m2e.core.internal.Bundles - 	Entry: E:\Programs\Coding\Web\Eclipse_Java_SpringTool\sts-4.31.0.RELEASE\plugins\org.eclipse.m2e.maven.runtime_3.9.900.20250220-2013\jars\plexus-cipher-2.0.jar
2025-09-08 02:19:59,967 [Worker-34: Launching Executing install in E__Workspace_webfashionshop] INFO  o.eclipse.m2e.core.internal.Bundles - 	Entry: E:\Programs\Coding\Web\Eclipse_Java_SpringTool\sts-4.31.0.RELEASE\plugins\org.eclipse.m2e.maven.runtime_3.9.900.20250220-2013\jars\plexus-classworlds-2.8.0.jar
2025-09-08 02:19:59,967 [Worker-34: Launching Executing install in E__Workspace_webfashionshop] INFO  o.eclipse.m2e.core.internal.Bundles - 	Entry: E:\Programs\Coding\Web\Eclipse_Java_SpringTool\sts-4.31.0.RELEASE\plugins\org.eclipse.m2e.maven.runtime_3.9.900.20250220-2013\jars\plexus-component-annotations-2.1.0.jar
2025-09-08 02:19:59,967 [Worker-34: Launching Executing install in E__Workspace_webfashionshop] INFO  o.eclipse.m2e.core.internal.Bundles - 	Entry: E:\Programs\Coding\Web\Eclipse_Java_SpringTool\sts-4.31.0.RELEASE\plugins\org.eclipse.m2e.maven.runtime_3.9.900.20250220-2013\jars\plexus-interpolation-1.27.jar
2025-09-08 02:19:59,967 [Worker-34: Launching Executing install in E__Workspace_webfashionshop] INFO  o.eclipse.m2e.core.internal.Bundles - 	Entry: E:\Programs\Coding\Web\Eclipse_Java_SpringTool\sts-4.31.0.RELEASE\plugins\org.eclipse.m2e.maven.runtime_3.9.900.20250220-2013\jars\plexus-sec-dispatcher-2.0.jar
2025-09-08 02:19:59,967 [Worker-34: Launching Executing install in E__Workspace_webfashionshop] INFO  o.eclipse.m2e.core.internal.Bundles - 	Entry: E:\Programs\Coding\Web\Eclipse_Java_SpringTool\sts-4.31.0.RELEASE\plugins\org.eclipse.m2e.maven.runtime_3.9.900.20250220-2013\jars\plexus-utils-3.5.1.jar
2025-09-08 02:19:59,968 [Worker-34: Launching Executing install in E__Workspace_webfashionshop] INFO  o.eclipse.m2e.core.internal.Bundles - 	Entry: E:\Programs\Coding\Web\Eclipse_Java_SpringTool\sts-4.31.0.RELEASE\plugins\org.eclipse.m2e.maven.runtime_3.9.900.20250220-2013\jars\plexus-xml-3.0.1.jar
2025-09-08 02:19:59,968 [Worker-34: Launching Executing install in E__Workspace_webfashionshop] INFO  o.eclipse.m2e.core.internal.Bundles - 	Entry: E:\Programs\Coding\Web\Eclipse_Java_SpringTool\sts-4.31.0.RELEASE\plugins\org.eclipse.m2e.maven.runtime_3.9.900.20250220-2013\jars\wagon-file-3.5.3.jar
2025-09-08 02:19:59,968 [Worker-34: Launching Executing install in E__Workspace_webfashionshop] INFO  o.eclipse.m2e.core.internal.Bundles - 	Entry: E:\Programs\Coding\Web\Eclipse_Java_SpringTool\sts-4.31.0.RELEASE\plugins\org.eclipse.m2e.maven.runtime_3.9.900.20250220-2013\jars\wagon-http-3.5.3.jar
2025-09-08 02:19:59,968 [Worker-34: Launching Executing install in E__Workspace_webfashionshop] INFO  o.eclipse.m2e.core.internal.Bundles - 	Entry: E:\Programs\Coding\Web\Eclipse_Java_SpringTool\sts-4.31.0.RELEASE\plugins\org.eclipse.m2e.maven.runtime_3.9.900.20250220-2013\jars\wagon-http-shared-3.5.3.jar
2025-09-08 02:19:59,968 [Worker-34: Launching Executing install in E__Workspace_webfashionshop] INFO  o.eclipse.m2e.core.internal.Bundles - 	Entry: E:\Programs\Coding\Web\Eclipse_Java_SpringTool\sts-4.31.0.RELEASE\plugins\org.eclipse.m2e.maven.runtime_3.9.900.20250220-2013\jars\wagon-provider-api-3.5.3.jar
2025-09-08 02:19:59,968 [Worker-34: Launching Executing install in E__Workspace_webfashionshop] INFO  o.eclipse.m2e.core.internal.Bundles - getClasspathEntries(Bundle=com.google.guava_33.4.8.jre [31])
2025-09-08 02:19:59,968 [Worker-34: Launching Executing install in E__Workspace_webfashionshop] INFO  o.eclipse.m2e.core.internal.Bundles - 	Entry: E:\Programs\Coding\Web\Eclipse_Java_SpringTool\sts-4.31.0.RELEASE\plugins\com.google.guava_33.4.8.jre.jar
2025-09-08 02:19:59,968 [Worker-34: Launching Executing install in E__Workspace_webfashionshop] INFO  o.eclipse.m2e.core.internal.Bundles - getClasspathEntries(Bundle=slf4j.api_2.0.17 [613])
2025-09-08 02:19:59,969 [Worker-34: Launching Executing install in E__Workspace_webfashionshop] INFO  o.eclipse.m2e.core.internal.Bundles - 	Entry: E:\Programs\Coding\Web\Eclipse_Java_SpringTool\sts-4.31.0.RELEASE\plugins\slf4j.api_2.0.17.jar
2025-09-08 02:19:59,969 [Worker-34: Launching Executing install in E__Workspace_webfashionshop] INFO  o.eclipse.m2e.core.internal.Bundles - getClasspathEntries(Bundle=jakarta.inject.jakarta.inject-api_1.0.5 [46])
2025-09-08 02:19:59,969 [Worker-34: Launching Executing install in E__Workspace_webfashionshop] INFO  o.eclipse.m2e.core.internal.Bundles - 	Entry: E:\Programs\Coding\Web\Eclipse_Java_SpringTool\sts-4.31.0.RELEASE\plugins\jakarta.inject.jakarta.inject-api_1.0.5.jar
2025-09-08 02:19:59,969 [Worker-34: Launching Executing install in E__Workspace_webfashionshop] INFO  o.eclipse.m2e.core.internal.Bundles - getClasspathEntries(Bundle=javax.annotation_1.3.5.v20200909-1856 [55])
2025-09-08 02:19:59,969 [Worker-34: Launching Executing install in E__Workspace_webfashionshop] INFO  o.eclipse.m2e.core.internal.Bundles - 	Entry: E:\Programs\Coding\Web\Eclipse_Java_SpringTool\sts-4.31.0.RELEASE\plugins\javax.annotation_1.3.5.v20200909-1856.jar
2025-09-08 02:19:59,969 [Worker-34: Launching Executing install in E__Workspace_webfashionshop] INFO  o.eclipse.m2e.core.internal.Bundles - getClasspathEntries(Bundle=org.apache.commons.cli_1.9.0 [79])
2025-09-08 02:19:59,971 [Worker-34: Launching Executing install in E__Workspace_webfashionshop] INFO  o.eclipse.m2e.core.internal.Bundles - 	Entry: E:\Programs\Coding\Web\Eclipse_Java_SpringTool\sts-4.31.0.RELEASE\plugins\org.apache.commons.cli_1.9.0.jar
2025-09-08 02:19:59,971 [Worker-34: Launching Executing install in E__Workspace_webfashionshop] INFO  o.eclipse.m2e.core.internal.Bundles - getClasspathEntries(Bundle=org.apache.commons.commons-codec_1.16.0 [81])
2025-09-08 02:19:59,971 [Worker-34: Launching Executing install in E__Workspace_webfashionshop] INFO  o.eclipse.m2e.core.internal.Bundles - 	Entry: E:\Programs\Coding\Web\Eclipse_Java_SpringTool\sts-4.31.0.RELEASE\plugins\org.apache.commons.commons-codec_1.16.0.jar
2025-09-08 02:19:59,971 [Worker-34: Launching Executing install in E__Workspace_webfashionshop] INFO  o.eclipse.m2e.core.internal.Bundles - getClasspathEntries(Bundle=com.google.guava.failureaccess_1.0.3 [32])
2025-09-08 02:19:59,971 [Worker-34: Launching Executing install in E__Workspace_webfashionshop] INFO  o.eclipse.m2e.core.internal.Bundles - 	Entry: E:\Programs\Coding\Web\Eclipse_Java_SpringTool\sts-4.31.0.RELEASE\plugins\com.google.guava.failureaccess_1.0.3.jar
2025-09-08 02:19:59,972 [Worker-34: Launching Executing install in E__Workspace_webfashionshop] INFO  o.e.m.i.launch.MavenLaunchDelegate - Run build in "E:\Workspace\webfashionshop":
2025-09-08 02:19:59,973 [Worker-34: Launching Executing install in E__Workspace_webfashionshop] INFO  o.e.m.i.launch.MavenLaunchDelegate -  mvn  -B -Dstyle.color=always -s E:\Programs\Coding\Web\Eclipse_Java_SpringTool\apache-maven-3.9.11\conf\settings.xml install
2025-09-08 02:20:23,352 [Worker-31: Updating Maven Project] INFO  o.e.m.c.i.p.ProjectConfigurationManager - Update started
2025-09-08 02:20:23,535 [Worker-31: Updating Maven Project] INFO  o.e.m.c.i.l.LifecycleMappingFactory - Using org.maven.ide.eclipse.wtp.WarLifecycleMapping lifecycle mapping for MavenProject: hcmute.vn:webfashionshop:1.0-SNAPSHOT @ E:\Workspace\webfashionshop\pom.xml.
2025-09-08 02:20:23,966 [Worker-31: Updating Maven Project] INFO  o.e.m.j.i.AbstractJavaProjectConfigurator - Adding source folder /webfashionshop/src/main/java
2025-09-08 02:20:23,966 [Worker-31: Updating Maven Project] INFO  o.e.m.j.i.AbstractJavaProjectConfigurator - Adding resource folder /webfashionshop/src/main/resources
2025-09-08 02:20:23,966 [Worker-31: Updating Maven Project] INFO  o.e.m.j.i.AbstractJavaProjectConfigurator - Adding source folder /webfashionshop/src/test/java
2025-09-08 02:20:23,967 [Worker-31: Updating Maven Project] INFO  o.e.m.j.i.AbstractJavaProjectConfigurator - Adding resource folder /webfashionshop/src/test/resources
2025-09-08 02:20:24,077 [Worker-31: Updating Maven Project] INFO  o.e.m.w.i.f.ResourceFilteringBuildParticipant - Cleaning filtered folder for webfashionshop
2025-09-08 02:20:24,093 [Worker-31: Updating Maven Project] INFO  o.e.m.c.i.p.ProjectConfigurationManager - Update completed for 1 poms: local refresh takes 0,00 sec, refresh facades takes 0,00 sec, update config takes 0,00 sec 
2025-09-08 02:20:24,252 [Worker-29: Building] INFO  o.a.m.s.f.DefaultMavenResourcesFiltering - Copying 0 resource from src\main\resources to target\classes
2025-09-08 02:20:24,255 [Worker-29: Building] INFO  o.a.m.s.f.DefaultMavenResourcesFiltering - Copying 0 resource from src\test\resources to target\test-classes
2025-09-08 02:20:24,255 [Worker-29: Building] INFO  o.e.m.w.i.f.ResourceFilteringBuildParticipant - Changed resources require a complete clean of filtered resources of webfashionshop
2025-09-08 02:20:24,256 [Worker-29: Building] INFO  o.e.m.w.i.f.ResourceFilteringBuildParticipant - Executing resource filtering for webfashionshop
2025-09-08 02:21:11,404 [Worker-5: Loading available Gradle versions] INFO  o.e.b.c.i.u.g.PublishedGradleVersions - Gradle version information cache is up-to-date. Trying to read.
2025-09-08 02:21:55,119 [Worker-15: Cleaning all projects] INFO  o.e.m.w.i.f.ResourceFilteringBuildParticipant - Cleaning filtered folder for webfashionshop
2025-09-08 02:21:55,625 [Worker-5: Building] INFO  o.a.m.s.f.DefaultMavenResourcesFiltering - Copying 0 resource from src\main\resources to target\classes
2025-09-08 02:21:55,632 [Worker-5: Building] INFO  o.a.m.s.f.DefaultMavenResourcesFiltering - Copying 0 resource from src\test\resources to target\test-classes
2025-09-08 02:21:55,633 [Worker-5: Building] INFO  o.e.m.w.i.f.ResourceFilteringBuildParticipant - Changed resources require a complete clean of filtered resources of webfashionshop
2025-09-08 02:21:55,635 [Worker-5: Building] INFO  o.e.m.w.i.f.ResourceFilteringBuildParticipant - Executing resource filtering for webfashionshop
2025-09-08 02:22:22,176 [Worker-2: Updating Maven Project] INFO  o.e.m.c.i.p.ProjectConfigurationManager - Update started
2025-09-08 02:22:22,522 [Worker-2: Updating Maven Project] INFO  o.e.m.c.i.l.LifecycleMappingFactory - Using org.maven.ide.eclipse.wtp.WarLifecycleMapping lifecycle mapping for MavenProject: hcmute.vn:webfashionshop:1.0-SNAPSHOT @ E:\Workspace\webfashionshop\pom.xml.
2025-09-08 02:22:23,255 [Worker-2: Updating Maven Project] INFO  o.e.m.j.i.AbstractJavaProjectConfigurator - Adding source folder /webfashionshop/src/main/java
2025-09-08 02:22:23,257 [Worker-2: Updating Maven Project] INFO  o.e.m.j.i.AbstractJavaProjectConfigurator - Adding resource folder /webfashionshop/src/main/resources
2025-09-08 02:22:23,258 [Worker-2: Updating Maven Project] INFO  o.e.m.j.i.AbstractJavaProjectConfigurator - Adding source folder /webfashionshop/src/test/java
2025-09-08 02:22:23,259 [Worker-2: Updating Maven Project] INFO  o.e.m.j.i.AbstractJavaProjectConfigurator - Adding resource folder /webfashionshop/src/test/resources
2025-09-08 02:22:23,434 [Worker-2: Updating Maven Project] INFO  o.e.m.w.i.f.ResourceFilteringBuildParticipant - Cleaning filtered folder for webfashionshop
2025-09-08 02:22:23,453 [Worker-2: Updating Maven Project] INFO  o.e.m.c.i.p.ProjectConfigurationManager - Update completed for 1 poms: local refresh takes 0,00 sec, refresh facades takes 0,00 sec, update config takes 0,00 sec 
2025-09-08 02:22:23,685 [Worker-10: Building] INFO  o.a.m.s.f.DefaultMavenResourcesFiltering - Copying 0 resource from src\main\resources to target\classes
2025-09-08 02:22:23,691 [Worker-10: Building] INFO  o.a.m.s.f.DefaultMavenResourcesFiltering - Copying 0 resource from src\test\resources to target\test-classes
2025-09-08 02:22:23,691 [Worker-10: Building] INFO  o.e.m.w.i.f.ResourceFilteringBuildParticipant - Changed resources require a complete clean of filtered resources of webfashionshop
2025-09-08 02:22:23,691 [Worker-10: Building] INFO  o.e.m.w.i.f.ResourceFilteringBuildParticipant - Executing resource filtering for webfashionshop
2025-09-08 02:22:34,251 [Worker-19: Building] INFO  o.a.m.s.f.DefaultMavenResourcesFiltering - Copying 0 resource from src\main\resources to target\classes
2025-09-08 02:22:34,254 [Worker-19: Building] INFO  o.a.m.s.f.DefaultMavenResourcesFiltering - Copying 0 resource from src\test\resources to target\test-classes
2025-09-08 02:40:27,757 [Worker-14: Building] INFO  o.a.m.s.f.DefaultMavenResourcesFiltering - Copying 0 resource from src\main\resources to target\classes
2025-09-08 02:40:27,760 [Worker-14: Building] INFO  o.a.m.s.f.DefaultMavenResourcesFiltering - Copying 0 resource from src\test\resources to target\test-classes
2025-09-08 02:43:27,811 [Worker-19: Building] INFO  o.a.m.s.f.DefaultMavenResourcesFiltering - Copying 0 resource from src\main\resources to target\classes
2025-09-08 02:43:27,814 [Worker-19: Building] INFO  o.a.m.s.f.DefaultMavenResourcesFiltering - Copying 0 resource from src\test\resources to target\test-classes
2025-09-08 02:44:59,571 [Worker-8: Building] INFO  o.a.m.s.f.DefaultMavenResourcesFiltering - Copying 0 resource from src\main\resources to target\classes
2025-09-08 02:44:59,576 [Worker-8: Building] INFO  o.a.m.s.f.DefaultMavenResourcesFiltering - Copying 0 resource from src\test\resources to target\test-classes
2025-09-08 02:46:25,461 [Worker-5: Building] INFO  o.a.m.s.f.DefaultMavenResourcesFiltering - Copying 0 resource from src\main\resources to target\classes
2025-09-08 02:46:25,463 [Worker-5: Building] INFO  o.a.m.s.f.DefaultMavenResourcesFiltering - Copying 0 resource from src\test\resources to target\test-classes
2025-09-08 02:49:13,470 [Worker-15: Building] INFO  o.a.m.s.f.DefaultMavenResourcesFiltering - Copying 0 resource from src\main\resources to target\classes
2025-09-08 02:49:13,473 [Worker-15: Building] INFO  o.a.m.s.f.DefaultMavenResourcesFiltering - Copying 0 resource from src\test\resources to target\test-classes
2025-09-08 02:53:58,131 [Worker-13: Building] INFO  o.a.m.s.f.DefaultMavenResourcesFiltering - Copying 0 resource from src\main\resources to target\classes
2025-09-08 02:53:58,133 [Worker-13: Building] INFO  o.a.m.s.f.DefaultMavenResourcesFiltering - Copying 0 resource from src\test\resources to target\test-classes
2025-09-08 02:55:53,693 [Worker-8: Building] INFO  o.a.m.s.f.DefaultMavenResourcesFiltering - Copying 0 resource from src\main\resources to target\classes
2025-09-08 02:55:53,695 [Worker-8: Building] INFO  o.a.m.s.f.DefaultMavenResourcesFiltering - Copying 0 resource from src\test\resources to target\test-classes
2025-09-08 02:56:14,129 [Worker-13: Building] INFO  o.a.m.s.f.DefaultMavenResourcesFiltering - Copying 0 resource from src\main\resources to target\classes
2025-09-08 02:56:14,132 [Worker-13: Building] INFO  o.a.m.s.f.DefaultMavenResourcesFiltering - Copying 0 resource from src\test\resources to target\test-classes
2025-09-08 02:56:24,886 [Worker-19: Building] INFO  o.a.m.s.f.DefaultMavenResourcesFiltering - Copying 0 resource from src\main\resources to target\classes
2025-09-08 02:56:24,889 [Worker-19: Building] INFO  o.a.m.s.f.DefaultMavenResourcesFiltering - Copying 0 resource from src\test\resources to target\test-classes
2025-09-08 02:56:34,475 [Worker-6: Building] INFO  o.a.m.s.f.DefaultMavenResourcesFiltering - Copying 0 resource from src\main\resources to target\classes
2025-09-08 02:56:34,478 [Worker-6: Building] INFO  o.a.m.s.f.DefaultMavenResourcesFiltering - Copying 0 resource from src\test\resources to target\test-classes
2025-09-08 02:56:56,305 [Worker-12: Building] INFO  o.a.m.s.f.DefaultMavenResourcesFiltering - Copying 0 resource from src\main\resources to target\classes
2025-09-08 02:56:56,308 [Worker-12: Building] INFO  o.a.m.s.f.DefaultMavenResourcesFiltering - Copying 0 resource from src\test\resources to target\test-classes
2025-09-08 03:00:03,305 [Worker-13: Building] INFO  o.a.m.s.f.DefaultMavenResourcesFiltering - Copying 0 resource from src\main\resources to target\classes
2025-09-08 03:00:03,308 [Worker-13: Building] INFO  o.a.m.s.f.DefaultMavenResourcesFiltering - Copying 0 resource from src\test\resources to target\test-classes
2025-09-08 03:01:01,951 [Worker-10: Building] INFO  o.a.m.s.f.DefaultMavenResourcesFiltering - Copying 0 resource from src\main\resources to target\classes
2025-09-08 03:01:01,954 [Worker-10: Building] INFO  o.a.m.s.f.DefaultMavenResourcesFiltering - Copying 0 resource from src\test\resources to target\test-classes
2025-09-08 03:01:28,680 [Worker-14: Building] INFO  o.a.m.s.f.DefaultMavenResourcesFiltering - Copying 0 resource from src\main\resources to target\classes
2025-09-08 03:01:28,683 [Worker-14: Building] INFO  o.a.m.s.f.DefaultMavenResourcesFiltering - Copying 0 resource from src\test\resources to target\test-classes
2025-09-08 03:01:41,876 [Worker-6: Building] INFO  o.a.m.s.f.DefaultMavenResourcesFiltering - Copying 0 resource from src\main\resources to target\classes
2025-09-08 03:01:41,879 [Worker-6: Building] INFO  o.a.m.s.f.DefaultMavenResourcesFiltering - Copying 0 resource from src\test\resources to target\test-classes
2025-09-08 03:01:47,766 [Worker-14: Updating Maven Project] INFO  o.e.m.c.i.p.ProjectConfigurationManager - Update started
2025-09-08 03:01:48,083 [Worker-14: Updating Maven Project] INFO  o.e.m.c.i.l.LifecycleMappingFactory - Using org.maven.ide.eclipse.wtp.WarLifecycleMapping lifecycle mapping for MavenProject: hcmute.vn:webfashionshop:1.0-SNAPSHOT @ E:\Workspace\webfashionshop\pom.xml.
2025-09-08 03:01:48,844 [Worker-14: Updating Maven Project] INFO  o.e.m.j.i.AbstractJavaProjectConfigurator - Adding source folder /webfashionshop/src/main/java
2025-09-08 03:01:48,846 [Worker-14: Updating Maven Project] INFO  o.e.m.j.i.AbstractJavaProjectConfigurator - Adding resource folder /webfashionshop/src/main/resources
2025-09-08 03:01:48,846 [Worker-14: Updating Maven Project] INFO  o.e.m.j.i.AbstractJavaProjectConfigurator - Adding source folder /webfashionshop/src/test/java
2025-09-08 03:01:48,846 [Worker-14: Updating Maven Project] INFO  o.e.m.j.i.AbstractJavaProjectConfigurator - Adding resource folder /webfashionshop/src/test/resources
2025-09-08 03:01:48,951 [Worker-14: Updating Maven Project] INFO  o.e.m.w.i.f.ResourceFilteringBuildParticipant - Cleaning filtered folder for webfashionshop
2025-09-08 03:01:48,965 [Worker-14: Updating Maven Project] INFO  o.e.m.c.i.p.ProjectConfigurationManager - Update completed for 1 poms: local refresh takes 0,00 sec, refresh facades takes 0,00 sec, update config takes 0,00 sec 
2025-09-08 03:01:49,149 [Worker-15: Building] INFO  o.a.m.s.f.DefaultMavenResourcesFiltering - Copying 0 resource from src\main\resources to target\classes
2025-09-08 03:01:49,153 [Worker-15: Building] INFO  o.a.m.s.f.DefaultMavenResourcesFiltering - Copying 0 resource from src\test\resources to target\test-classes
2025-09-08 03:01:49,154 [Worker-15: Building] INFO  o.e.m.w.i.f.ResourceFilteringBuildParticipant - Changed resources require a complete clean of filtered resources of webfashionshop
2025-09-08 03:01:49,154 [Worker-15: Building] INFO  o.e.m.w.i.f.ResourceFilteringBuildParticipant - Executing resource filtering for webfashionshop
2025-09-08 03:05:04,852 [Worker-20: Building] INFO  o.a.m.s.f.DefaultMavenResourcesFiltering - Copying 0 resource from src\main\resources to target\classes
2025-09-08 03:05:04,855 [Worker-20: Building] INFO  o.a.m.s.f.DefaultMavenResourcesFiltering - Copying 0 resource from src\test\resources to target\test-classes
2025-09-08 03:09:56,213 [Worker-16: Building] INFO  o.a.m.s.f.DefaultMavenResourcesFiltering - Copying 0 resource from src\main\resources to target\classes
2025-09-08 03:09:56,215 [Worker-16: Building] INFO  o.a.m.s.f.DefaultMavenResourcesFiltering - Copying 0 resource from src\test\resources to target\test-classes
2025-09-10 14:24:40,120 [Worker-7: Loading available Gradle versions] INFO  o.e.b.c.i.u.g.PublishedGradleVersions - Gradle version information cache is out-of-date. Trying to update.
2025-09-10 14:27:59,003 [Worker-12: Building] INFO  o.e.m.c.i.l.LifecycleMappingFactory - Using org.maven.ide.eclipse.wtp.WarLifecycleMapping lifecycle mapping for MavenProject: hcmute.vn:webfashionshop:1.0-SNAPSHOT @ E:\Workspacetest\webfashionshop\pom.xml.
2025-09-10 14:27:59,754 [Worker-12: Building] INFO  o.a.m.s.f.DefaultMavenResourcesFiltering - Copying 0 resource from src\main\resources to target\classes
2025-09-10 14:27:59,760 [Worker-12: Building] INFO  o.a.m.s.f.DefaultMavenResourcesFiltering - Copying 0 resource from src\test\resources to target\test-classes
2025-09-10 14:27:59,765 [Worker-12: Building] INFO  o.e.m.w.i.f.ResourceFilteringBuildParticipant - Changed resources require a complete clean of filtered resources of webfashionshop
2025-09-10 14:27:59,765 [Worker-12: Building] INFO  o.e.m.w.i.f.ResourceFilteringBuildParticipant - Executing resource filtering for webfashionshop
